
{
    "id": "0d9c2f10-e203-467e-ae1e-937a6fdde3ee",
    "name": "child",
    "status": "OK"
}