
{
    "children": [
    ],
    "description": "I am top",
    "id": "23c4cacc-3ccb-4c1d-9cf7-f1a4211b0028",
    "name": "topElement",
    "status": "OK"
}